ASM68 6800 Assembler (c) 1988-1995 Evenson Consulting Services        Page 1
FILE: mspatch.asm      TITLE: MITS

00001               
00002                        NAM     MITS             
00003               *TO PATCH BASIC TO SWTP
00004               *WITH ACIA AT PORT 1
00005               *JAN 11 1978  MICHAEL HOLLEY
00006               *REV 4   SEPT 4, 1978
00007               *
00008               *Updated to remove the MSB on OUTCH
00009               *This removes a graphical glitch.
00010               
00011         A016           ORG     $A016            
00012         8004 ACIACS    EQU     $8004            
00013         8005 ACIADA    EQU     $8005            
00014               
00015               *POLE FOR CHARACTER
00016               *SETS CARRY IF CHARACTER IS IN BUFFER
00017               *CLOBBERS B REG
00018 A016 F6 8004 POLCAT    LDA B   ACIACS           ACIA STATUS TO B
00019 A019 57                ASR B                    ROTATE RDRF BIT INTO CARRY
00020 A01A 39                RTS                      RETURN
00021               
00022               *INPUT ONE CHARACTER ACC B
00023 A01B 8D F9   INCH      BSR     POLCAT           
00024 A01D 24 FC             BCC     INCH             
00025 A01F F6 8005           LDA B   ACIADA           GET CHAR
00026 A022 39                RTS                      
00027               
00028               *OUTCH OUTPUT CHARACTER ACC A
00029 A023 8D F1   OUTCH     BSR     POLCAT           
00030 A025 57                ASR B                    
00031 A026 24 FB             BCC     OUTCH            
00032 A028 84 7F             AND A   #%01111111       
00033 A02A B7 8005           STA A   ACIADA           OUTPUT
00034 A02D 39                RTS                      
00035               
00036               *PATCHES TO MITS BASIC
00037         041F           ORG     $041F            
00038 041F BD A01B           JSR     INCH             
00039               
00040         0618           ORG     $0618            
00041 0618 BD A016           JSR     POLCAT           
00042               
00043         08AD           ORG     $08AD            
00044 08AD BD A023           JSR     OUTCH            
00045               
00046         0000           END                      

No errors

 Total bytes output = 33
