ASM68 6800 Assembler (c) 1988-1995 Evenson Consulting Services        Page 1
FILE: e:\src\repos\mc6800\phasor\phasor.asm      TITLE: PHASOR

00001                        NAM     PHASOR           REV.A  SEPTEMBER 1977
00002                        OPT     NOP,O            
00003               * COPYRIGHT (C) ALL RIGHTS RESERVED
00004               * NEWTECH COMPUTER SYSTEMS,INC.
00005               *
00006               
00007         0100           ORG     $0100            
00008 0100 B6 0145 START     LDAA    SWEEPN           ;INIT. SWEEP COUNT
00009 0103 B7 0146           STAA    SWEEPS           
00010 0106 86 00   NEXTS     LDAA    #0               ;EXIT IF SWEEPS COUNT0
00011 0108 B1 0146           CMPA    SWEEPS           ;ELSE DECREMENT COUNT &
00012 010B 27 35             BEQ     EXIT             ;DO ONE SWEEP
00013 010D 7A 0146           DEC     SWEEPS           
00014 0110 B6 0147           LDAA    FIRSTF           ;INIT.FREQ.PARAMETER.
00015 0113 B7 0149           STAA    FREQ             
00016 0116 B6 014A           LDAA    RATE             ;GET SWEEP RATE PARAM.
00017 0119 4A      LOOP3     DECA                     ;DECREMENT IT.
00018 011A 26 10             BNE     LOOP1            ;IF N.E.0 BRANCH.
00019 011C 7C 0149           INC     FREQ             ;ELSE DECREASE FREQ.
00020 011F B6 0148           LDAA    LASTF            ;IF LOWEST FREQUENCY
00021 0122 B1 0149           CMPA    FREQ             ;THEN SWEEP IS DONE SO
00022 0125 27 DF             BEQ     NEXTS            ;GO NEXT SWEEP.
00023 0127 B6 014A           LDAA    RATE             ;ELSE RESTORE RATE PARAM.
00024 012A 20 05             BRA     LOOP2            
00025 012C 63 00   LOOP1     COM     0,X              ;WASTE TIME
00026 012E 63 00             COM     0,X              
00027 0130 01                NOP                      
00028 0131 F6 0149 LOOP2     LDAB    FREQ             ;HALF-WAVE TIMEOUT
00029 0134 5A      LOOP4     DECB                     
00030 0135 26 FD             BNE     LOOP4            
00031 0137 73 014B           COM     TOGGLE           ;OUTPUT COMPLEMENT TO
00032 013A F6 014B           LDAB    TOGGLE           ;MUSIC BOARD.
00033 013D F7 8010           STAB    MOD68            
00034 0140 20 D7             BRA     LOOP3            
00035 0142 7E E0D0 EXIT      JMP     MIKBUG           
00036         8010 MOD68     EQU     $8010            ;MUSIC BOARD ADDRESS.
00037 0145    0D   SWEEPN    FCB     $0D              ;DESIRED # OF SWEEPS.
00038 0146         SWEEPS    RMB     1                ;TEMPORARY SWEEP COUNT
00039 0147    01   FIRSTF    FCB     $01              ;STARTING SWEEP PARAM.
00040 0148    FF   LASTF     FCB     $FF              ;ENDING SWEEP PARAM.
00041 0149         FREQ      RMB     1                ;TEMPORARY FREQ.PARAM.
00042 014A    01   RATE      FCB     $01              ;SWEEP RATE PARAMETER.
00043 014B    00   TOGGLE    FCB     0                
00044         E0D0 MIKBUG    EQU     $E0D0            
00045 014C 01                NOP                      
00046         0000           END                      

No errors

 Total bytes output = 77
