ASM68 6800 Assembler (c) 1988-1995 Evenson Consulting Services        Page 1
FILE: c:\src\repos\zoggins\mc6800\noise\noise.asm      TITLE: NOISE

00001                        NAM     NOISE            REV.A  SEPTEMBER 1977
00002                        OPT     NOP,O            
00003               * COPYRIGHT (C) ALL RIGHTS RESERVED
00004               * NEWTECH COMPUTER SYSTEMS,INC.
00005               *
00006               
00007         0100           ORG     $0100            
00008 0100 CE 0157           LDX     #TBL             ;INIT. ENVELOPE POINTER.
00009 0103 FF 0166           STX     TBLP             
00010 0106 86 02   LOOP2     LDAA    #$02             ;IF ENVELOPE IS
00011 0108 FE 0166           LDX     TBLP             ;COMPLETE RETURN.
00012 010B A1 00             CMPA    0,X              
00013 010D 27 24             BEQ     EXIT             
00014 010F FE 0166           LDX     TBLP             ;ELSE INC. ENV. POINTER.
00015 0112 08                INX                      
00016 0113 FF 0166           STX     TBLP             
00017 0116 B6 0163           LDAA    DURA             ;OUTPUT N RANDOM VALUES
00018 0119 B7 0168           STAA    DURAT            ;WHERE N=DURA
00019 011C B6 0162 LOOP1     LDAA    FREQ             ;DELAY ACCORDING TO
00020 011F 4A      LOOP3     DECA                     ;FREQUENCY PARAMETER.
00021 0120 26 FD             BNE     LOOP3            
00022 0122 8D 12             BSR     RNDM             ;GET RANDOM NUMBER IN A.
00023 0124 FE 0166           LDX     TBLP             ;SCALE AMPLITUDE ACCORDING
00024 0127 A4 00             ANDA    0,X              ; TO ENV. TABLE.
00025 0129 B7 8010           STAA    MOD68            ;OUTPUT TO MUSIC BOARD
00026 012C 7A 0168           DEC     DURAT            
00027 012F 26 EB             BNE     LOOP1            
00028 0131 20 D3             BRA     LOOP2            ;PROCESS NEXT AMPLITUDE.
00029 0133 7E E0D0 EXIT      JMP     MIKBUG           ;YOUR EXIT MAY DIFFER!
00030               * RANDOM NUMBER GENRATOR. GENERATES 16 BIT
00031               * VALUE IN "NMBER".  RETURNS MOST SIGNIFICANT
00032               * BYTE IN A.
00033 0136 B6 0164 RNDM      LDAA    MSB              ;EXCLUSIVE-OR SHIFT
00034 0139 46                RORA                     ;REGISTER BITS 15,14,12&3.
00035 013A B8 0164           EORA    MSB              ;15 & 14
00036 013D 46                RORA                     
00037 013E 46                RORA                     
00038 013F B8 0164           EORA    MSB              ;12
00039 0142 46                RORA                     
00040 0143 B8 0165           EORA    LSB              ;3
00041 0146 46                RORA                     
00042 0147 46                RORA                     
00043 0148 84 01             ANDA    #$01             ;MASK BIT 0
00044 014A 78 0165           ASL     LSB              ;SHIFT NUMBER LEFT.
00045 014D 79 0164           ROL     MSB              ;SETTING BIT 0 ACCORDING
00046 0150 BB 0165           ADDA    LSB              ;TO EXCLUSIVE-OR CALC
00047 0153 B7 0165           STAA    LSB              
00048 0156 39                RTS                      
00049               *
00050               * AMPLITUDE ENVELOPE SPECIFICATION:
00051 0157    FFFF TBL       FCB     $FF,$FF,$FF,$7F,$7F,$3F 
00052 015D    3F1F           FCB     $3F,$1F,$0F,$07,$02 
00053               *
00054 0162    30   FREQ      FCB     $30              ;NOISE BAND PARAMETERS
00055 0163    FF   DURA      FCB     $FF              ;DURATION PARAMETER.
00056 0164    0001 NMBER     FDB     $01              ;SHIFT REGISTER
00057         8010 MOD68     EQU     $8010            ;MUSIC BOARD I/0 ADDRESS.
00058         E0D0 MIKBUG    EQU     $E0D0            
ASM68 6800 Assembler (c) 1988-1995 Evenson Consulting Services        Page 2
FILE: c:\src\repos\zoggins\mc6800\noise\noise.asm      TITLE: NOISE

00059 0166         TBLP      RMB     2                ;ENVELOPE TABLE POINTER
00060 0168         DURAT     RMB     1                ;TEMPORARY DURATION COUNT.
00061         0164 MSB       EQU     NMBER            ;RANDOM NUMBER ROUTINE.
00062         0165 LSB       EQU     NMBER+1          
00063 0169 01                NOP                      
00064         0000           END                      

No errors

 Total bytes output = 106
